mode: atomic
github.com/CentralInfraCore/cic-object-model/go/module/module.go:39.53,40.16 1 5
github.com/CentralInfraCore/cic-object-model/go/module/module.go:40.16,42.3 1 1
github.com/CentralInfraCore/cic-object-model/go/module/module.go:43.2,43.40 1 4
github.com/CentralInfraCore/cic-object-model/go/module/module.go:43.40,46.3 1 1
github.com/CentralInfraCore/cic-object-model/go/module/module.go:47.2,48.17 2 3
github.com/CentralInfraCore/cic-object-model/go/module/module.go:48.17,50.3 1 0
github.com/CentralInfraCore/cic-object-model/go/module/module.go:54.2,54.12 1 3
github.com/CentralInfraCore/cic-object-model/go/objectmodel/canonical.go:8.30,12.36 4 87
github.com/CentralInfraCore/cic-object-model/go/objectmodel/canonical.go:12.36,13.38 1 696
github.com/CentralInfraCore/cic-object-model/go/objectmodel/canonical.go:13.38,15.4 1 18
github.com/CentralInfraCore/cic-object-model/go/objectmodel/canonical.go:17.2,17.10 1 87
github.com/CentralInfraCore/cic-object-model/go/objectmodel/canonical.go:20.35,21.16 1 87
github.com/CentralInfraCore/cic-object-model/go/objectmodel/canonical.go:22.18,23.18 1 42
github.com/CentralInfraCore/cic-object-model/go/objectmodel/canonical.go:24.18,27.29 1 0
github.com/CentralInfraCore/cic-object-model/go/objectmodel/canonical.go:28.15,29.15 1 6
github.com/CentralInfraCore/cic-object-model/go/objectmodel/canonical.go:30.16,32.28 2 1
github.com/CentralInfraCore/cic-object-model/go/objectmodel/canonical.go:32.28,34.4 1 2
github.com/CentralInfraCore/cic-object-model/go/objectmodel/canonical.go:35.3,35.13 1 1
github.com/CentralInfraCore/cic-object-model/go/objectmodel/canonical.go:36.15,38.29 2 38
github.com/CentralInfraCore/cic-object-model/go/objectmodel/canonical.go:38.29,40.4 1 62
github.com/CentralInfraCore/cic-object-model/go/objectmodel/canonical.go:41.3,41.11 1 38
github.com/CentralInfraCore/cic-object-model/go/objectmodel/canonical.go:43.2,43.12 1 0
github.com/CentralInfraCore/cic-object-model/go/objectmodel/canonical.go:55.39,57.2 1 5
github.com/CentralInfraCore/cic-object-model/go/objectmodel/construct.go:21.131,22.34 1 12
github.com/CentralInfraCore/cic-object-model/go/objectmodel/construct.go:22.34,24.3 1 0
github.com/CentralInfraCore/cic-object-model/go/objectmodel/construct.go:26.2,29.55 3 12
github.com/CentralInfraCore/cic-object-model/go/objectmodel/construct.go:29.55,34.35 5 0
github.com/CentralInfraCore/cic-object-model/go/objectmodel/construct.go:34.35,35.11 1 0
github.com/CentralInfraCore/cic-object-model/go/objectmodel/construct.go:36.23,37.36 1 0
github.com/CentralInfraCore/cic-object-model/go/objectmodel/construct.go:38.28,39.30 1 0
github.com/CentralInfraCore/cic-object-model/go/objectmodel/construct.go:40.12,42.29 1 0
github.com/CentralInfraCore/cic-object-model/go/objectmodel/construct.go:47.2,47.23 1 12
github.com/CentralInfraCore/cic-object-model/go/objectmodel/construct.go:48.19,49.10 1 6
github.com/CentralInfraCore/cic-object-model/go/objectmodel/construct.go:50.18,51.66 1 6
github.com/CentralInfraCore/cic-object-model/go/objectmodel/construct.go:52.18,53.78 1 0
github.com/CentralInfraCore/cic-object-model/go/objectmodel/construct.go:54.11,55.23 1 0
github.com/CentralInfraCore/cic-object-model/go/objectmodel/construct.go:58.19,60.10 1 0
github.com/CentralInfraCore/cic-object-model/go/objectmodel/construct.go:61.18,62.76 1 0
github.com/CentralInfraCore/cic-object-model/go/objectmodel/construct.go:63.18,64.88 1 0
github.com/CentralInfraCore/cic-object-model/go/objectmodel/construct.go:65.11,66.23 1 0
github.com/CentralInfraCore/cic-object-model/go/objectmodel/construct.go:69.17,72.10 3 1
github.com/CentralInfraCore/cic-object-model/go/objectmodel/construct.go:73.18,75.11 2 1
github.com/CentralInfraCore/cic-object-model/go/objectmodel/construct.go:75.11,78.5 1 0
github.com/CentralInfraCore/cic-object-model/go/objectmodel/construct.go:79.4,79.30 1 1
github.com/CentralInfraCore/cic-object-model/go/objectmodel/construct.go:80.18,82.11 2 0
github.com/CentralInfraCore/cic-object-model/go/objectmodel/construct.go:82.11,85.5 1 0
github.com/CentralInfraCore/cic-object-model/go/objectmodel/construct.go:86.4,86.42 1 0
github.com/CentralInfraCore/cic-object-model/go/objectmodel/construct.go:87.11,89.17 2 0
github.com/CentralInfraCore/cic-object-model/go/objectmodel/construct.go:91.3,91.22 1 1
github.com/CentralInfraCore/cic-object-model/go/objectmodel/construct.go:91.22,94.4 1 0
github.com/CentralInfraCore/cic-object-model/go/objectmodel/construct.go:95.3,96.25 2 1
github.com/CentralInfraCore/cic-object-model/go/objectmodel/construct.go:96.25,100.17 4 2
github.com/CentralInfraCore/cic-object-model/go/objectmodel/construct.go:100.17,102.5 1 2
github.com/CentralInfraCore/cic-object-model/go/objectmodel/construct.go:102.10,104.5 1 0
github.com/CentralInfraCore/cic-object-model/go/objectmodel/construct.go:105.4,105.18 1 2
github.com/CentralInfraCore/cic-object-model/go/objectmodel/construct.go:105.18,107.5 1 0
github.com/CentralInfraCore/cic-object-model/go/objectmodel/construct.go:109.4,109.34 1 2
github.com/CentralInfraCore/cic-object-model/go/objectmodel/construct.go:112.19,114.10 2 5
github.com/CentralInfraCore/cic-object-model/go/objectmodel/construct.go:115.18,117.11 2 5
github.com/CentralInfraCore/cic-object-model/go/objectmodel/construct.go:117.11,120.5 1 0
github.com/CentralInfraCore/cic-object-model/go/objectmodel/construct.go:122.4,122.48 1 5
github.com/CentralInfraCore/cic-object-model/go/objectmodel/construct.go:123.26,126.39 1 0
github.com/CentralInfraCore/cic-object-model/go/objectmodel/construct.go:127.15,128.27 1 0
github.com/CentralInfraCore/cic-object-model/go/objectmodel/construct.go:129.11,130.50 1 0
github.com/CentralInfraCore/cic-object-model/go/objectmodel/construct.go:133.3,134.16 2 5
github.com/CentralInfraCore/cic-object-model/go/objectmodel/construct.go:134.16,135.36 1 0
github.com/CentralInfraCore/cic-object-model/go/objectmodel/construct.go:135.36,137.5 1 0
github.com/CentralInfraCore/cic-object-model/go/objectmodel/construct.go:140.3,142.36 3 5
github.com/CentralInfraCore/cic-object-model/go/objectmodel/construct.go:142.36,146.18 4 5
github.com/CentralInfraCore/cic-object-model/go/objectmodel/construct.go:146.18,148.5 1 0
github.com/CentralInfraCore/cic-object-model/go/objectmodel/construct.go:149.4,150.32 2 5
github.com/CentralInfraCore/cic-object-model/go/objectmodel/construct.go:153.10,155.52 1 0
github.com/CentralInfraCore/cic-object-model/go/objectmodel/construct.go:158.2,158.15 1 12
github.com/CentralInfraCore/cic-object-model/go/objectmodel/defaults.go:19.50,20.16 1 12
github.com/CentralInfraCore/cic-object-model/go/objectmodel/defaults.go:21.18,23.10 2 0
github.com/CentralInfraCore/cic-object-model/go/objectmodel/defaults.go:24.21,26.27 2 0
github.com/CentralInfraCore/cic-object-model/go/objectmodel/defaults.go:26.27,30.5 1 0
github.com/CentralInfraCore/cic-object-model/go/objectmodel/defaults.go:31.4,31.41 1 0
github.com/CentralInfraCore/cic-object-model/go/objectmodel/defaults.go:32.19,34.69 1 0
github.com/CentralInfraCore/cic-object-model/go/objectmodel/defaults.go:35.11,36.19 1 0
github.com/CentralInfraCore/cic-object-model/go/objectmodel/defaults.go:39.15,41.29 2 5
github.com/CentralInfraCore/cic-object-model/go/objectmodel/defaults.go:41.29,43.18 2 5
github.com/CentralInfraCore/cic-object-model/go/objectmodel/defaults.go:43.18,45.5 1 0
github.com/CentralInfraCore/cic-object-model/go/objectmodel/defaults.go:46.4,46.20 1 5
github.com/CentralInfraCore/cic-object-model/go/objectmodel/defaults.go:46.20,48.13 2 0
github.com/CentralInfraCore/cic-object-model/go/objectmodel/defaults.go:50.4,51.26 2 5
github.com/CentralInfraCore/cic-object-model/go/objectmodel/defaults.go:53.3,54.41 2 5
github.com/CentralInfraCore/cic-object-model/go/objectmodel/defaults.go:54.41,57.4 1 0
github.com/CentralInfraCore/cic-object-model/go/objectmodel/defaults.go:59.16,60.31 1 1
github.com/CentralInfraCore/cic-object-model/go/objectmodel/defaults.go:60.31,62.18 2 2
github.com/CentralInfraCore/cic-object-model/go/objectmodel/defaults.go:62.18,64.5 1 0
github.com/CentralInfraCore/cic-object-model/go/objectmodel/defaults.go:65.4,65.20 1 2
github.com/CentralInfraCore/cic-object-model/go/objectmodel/defaults.go:65.20,68.5 1 0
github.com/CentralInfraCore/cic-object-model/go/objectmodel/defaults.go:69.4,69.21 1 2
github.com/CentralInfraCore/cic-object-model/go/objectmodel/defaults.go:72.2,72.15 1 12
github.com/CentralInfraCore/cic-object-model/go/objectmodel/defaults.go:81.67,83.25 2 0
github.com/CentralInfraCore/cic-object-model/go/objectmodel/defaults.go:84.19,85.37 1 0
github.com/CentralInfraCore/cic-object-model/go/objectmodel/defaults.go:86.19,87.47 1 0
github.com/CentralInfraCore/cic-object-model/go/objectmodel/defaults.go:88.17,90.10 2 0
github.com/CentralInfraCore/cic-object-model/go/objectmodel/defaults.go:90.10,93.4 1 0
github.com/CentralInfraCore/cic-object-model/go/objectmodel/defaults.go:94.3,94.24 1 0
github.com/CentralInfraCore/cic-object-model/go/objectmodel/defaults.go:94.24,97.4 1 0
github.com/CentralInfraCore/cic-object-model/go/objectmodel/defaults.go:98.3,99.23 2 0
github.com/CentralInfraCore/cic-object-model/go/objectmodel/defaults.go:99.23,102.18 3 0
github.com/CentralInfraCore/cic-object-model/go/objectmodel/defaults.go:102.18,104.5 1 0
github.com/CentralInfraCore/cic-object-model/go/objectmodel/defaults.go:105.4,105.35 1 0
github.com/CentralInfraCore/cic-object-model/go/objectmodel/defaults.go:107.19,109.127 1 0
github.com/CentralInfraCore/cic-object-model/go/objectmodel/defaults.go:110.10,112.52 1 0
github.com/CentralInfraCore/cic-object-model/go/objectmodel/defaults.go:114.2,114.15 1 0
github.com/CentralInfraCore/cic-object-model/go/objectmodel/entry.go:18.48,20.2 1 5
github.com/CentralInfraCore/cic-object-model/go/objectmodel/entry.go:25.43,27.12 2 24
github.com/CentralInfraCore/cic-object-model/go/objectmodel/entry.go:27.12,29.3 1 14
github.com/CentralInfraCore/cic-object-model/go/objectmodel/entry.go:30.2,30.15 1 10
github.com/CentralInfraCore/cic-object-model/go/objectmodel/entry.go:31.30,32.14 1 0
github.com/CentralInfraCore/cic-object-model/go/objectmodel/entry.go:33.19,37.12 2 10
github.com/CentralInfraCore/cic-object-model/go/objectmodel/entry.go:38.19,39.15 1 0
github.com/CentralInfraCore/cic-object-model/go/objectmodel/entry.go:41.2,41.14 1 0
github.com/CentralInfraCore/cic-object-model/go/objectmodel/entry.go:44.59,48.23 1 12
github.com/CentralInfraCore/cic-object-model/go/objectmodel/entry.go:48.23,53.3 1 0
github.com/CentralInfraCore/cic-object-model/go/objectmodel/entry.go:55.2,55.30 1 12
github.com/CentralInfraCore/cic-object-model/go/objectmodel/entry.go:55.30,59.3 1 0
github.com/CentralInfraCore/cic-object-model/go/objectmodel/entry.go:61.2,61.30 1 12
github.com/CentralInfraCore/cic-object-model/go/objectmodel/entry.go:61.30,63.35 2 0
github.com/CentralInfraCore/cic-object-model/go/objectmodel/entry.go:63.35,64.11 1 0
github.com/CentralInfraCore/cic-object-model/go/objectmodel/entry.go:65.23,66.57 1 0
github.com/CentralInfraCore/cic-object-model/go/objectmodel/entry.go:66.57,68.6 1 0
github.com/CentralInfraCore/cic-object-model/go/objectmodel/entry.go:69.23,74.86 1 0
github.com/CentralInfraCore/cic-object-model/go/objectmodel/entry.go:75.28,75.28 0 0
github.com/CentralInfraCore/cic-object-model/go/objectmodel/entry.go:79.12,79.12 0 0
github.com/CentralInfraCore/cic-object-model/go/objectmodel/entry.go:83.3,83.13 1 0
github.com/CentralInfraCore/cic-object-model/go/objectmodel/entry.go:86.2,86.35 1 12
github.com/CentralInfraCore/cic-object-model/go/objectmodel/entry.go:89.62,90.19 1 12
github.com/CentralInfraCore/cic-object-model/go/objectmodel/entry.go:91.19,92.13 1 0
github.com/CentralInfraCore/cic-object-model/go/objectmodel/entry.go:93.19,94.13 1 6
github.com/CentralInfraCore/cic-object-model/go/objectmodel/entry.go:95.17,97.10 2 1
github.com/CentralInfraCore/cic-object-model/go/objectmodel/entry.go:97.10,100.4 1 0
github.com/CentralInfraCore/cic-object-model/go/objectmodel/entry.go:101.3,101.23 1 1
github.com/CentralInfraCore/cic-object-model/go/objectmodel/entry.go:101.23,102.81 1 2
github.com/CentralInfraCore/cic-object-model/go/objectmodel/entry.go:102.81,104.5 1 0
github.com/CentralInfraCore/cic-object-model/go/objectmodel/entry.go:106.3,106.13 1 1
github.com/CentralInfraCore/cic-object-model/go/objectmodel/entry.go:107.19,109.10 2 5
github.com/CentralInfraCore/cic-object-model/go/objectmodel/entry.go:109.10,112.4 1 0
github.com/CentralInfraCore/cic-object-model/go/objectmodel/entry.go:113.3,113.35 1 5
github.com/CentralInfraCore/cic-object-model/go/objectmodel/entry.go:113.35,115.17 2 5
github.com/CentralInfraCore/cic-object-model/go/objectmodel/entry.go:115.17,125.5 1 0
github.com/CentralInfraCore/cic-object-model/go/objectmodel/entry.go:126.4,126.68 1 5
github.com/CentralInfraCore/cic-object-model/go/objectmodel/entry.go:126.68,128.5 1 0
github.com/CentralInfraCore/cic-object-model/go/objectmodel/entry.go:130.3,130.13 1 5
github.com/CentralInfraCore/cic-object-model/go/objectmodel/entry.go:132.2,133.94 1 0
github.com/CentralInfraCore/cic-object-model/go/objectmodel/entry.go:139.47,140.27 1 0
github.com/CentralInfraCore/cic-object-model/go/objectmodel/entry.go:140.27,141.18 1 0
github.com/CentralInfraCore/cic-object-model/go/objectmodel/entry.go:141.18,143.4 1 0
github.com/CentralInfraCore/cic-object-model/go/objectmodel/entry.go:144.3,145.48 2 0
github.com/CentralInfraCore/cic-object-model/go/objectmodel/entry.go:147.2,147.28 1 0
github.com/CentralInfraCore/cic-object-model/go/objectmodel/entry.go:147.28,148.18 1 0
github.com/CentralInfraCore/cic-object-model/go/objectmodel/entry.go:148.18,150.4 1 0
github.com/CentralInfraCore/cic-object-model/go/objectmodel/entry.go:151.3,151.41 1 0
github.com/CentralInfraCore/cic-object-model/go/objectmodel/entry.go:153.2,153.13 1 0
github.com/CentralInfraCore/cic-object-model/go/objectmodel/errors.go:91.32,94.2 1 0
github.com/CentralInfraCore/cic-object-model/go/objectmodel/errors.go:96.80,98.2 1 0
github.com/CentralInfraCore/cic-object-model/go/objectmodel/materialize.go:42.52,42.70 1 0
github.com/CentralInfraCore/cic-object-model/go/objectmodel/materialize.go:43.52,43.69 1 6
github.com/CentralInfraCore/cic-object-model/go/objectmodel/materialize.go:45.53,49.2 3 0
github.com/CentralInfraCore/cic-object-model/go/objectmodel/materialize.go:51.54,51.55 0 0
github.com/CentralInfraCore/cic-object-model/go/objectmodel/materialize.go:60.73,63.16 2 5
github.com/CentralInfraCore/cic-object-model/go/objectmodel/materialize.go:63.16,65.3 1 0
github.com/CentralInfraCore/cic-object-model/go/objectmodel/materialize.go:67.2,68.58 2 5
github.com/CentralInfraCore/cic-object-model/go/objectmodel/materialize.go:68.58,71.3 1 0
github.com/CentralInfraCore/cic-object-model/go/objectmodel/materialize.go:72.2,72.18 1 5
github.com/CentralInfraCore/cic-object-model/go/objectmodel/materialize.go:72.18,74.3 1 0
github.com/CentralInfraCore/cic-object-model/go/objectmodel/materialize.go:77.2,77.53 1 5
github.com/CentralInfraCore/cic-object-model/go/objectmodel/materialize.go:77.53,79.3 1 0
github.com/CentralInfraCore/cic-object-model/go/objectmodel/materialize.go:81.2,82.16 2 5
github.com/CentralInfraCore/cic-object-model/go/objectmodel/materialize.go:82.16,84.3 1 0
github.com/CentralInfraCore/cic-object-model/go/objectmodel/materialize.go:86.2,87.16 2 5
github.com/CentralInfraCore/cic-object-model/go/objectmodel/materialize.go:87.16,89.3 1 0
github.com/CentralInfraCore/cic-object-model/go/objectmodel/materialize.go:91.2,92.16 2 5
github.com/CentralInfraCore/cic-object-model/go/objectmodel/materialize.go:92.16,94.3 1 0
github.com/CentralInfraCore/cic-object-model/go/objectmodel/materialize.go:96.2,97.16 2 5
github.com/CentralInfraCore/cic-object-model/go/objectmodel/materialize.go:97.16,99.3 1 0
github.com/CentralInfraCore/cic-object-model/go/objectmodel/materialize.go:100.2,100.17 1 5
github.com/CentralInfraCore/cic-object-model/go/objectmodel/materialize.go:100.17,103.3 1 0
github.com/CentralInfraCore/cic-object-model/go/objectmodel/materialize.go:105.2,105.49 1 5
github.com/CentralInfraCore/cic-object-model/go/objectmodel/materialize.go:105.49,107.3 1 0
github.com/CentralInfraCore/cic-object-model/go/objectmodel/materialize.go:109.2,110.46 2 5
github.com/CentralInfraCore/cic-object-model/go/objectmodel/materialize.go:110.46,112.3 1 0
github.com/CentralInfraCore/cic-object-model/go/objectmodel/materialize.go:114.2,115.16 2 5
github.com/CentralInfraCore/cic-object-model/go/objectmodel/materialize.go:115.16,117.3 1 0
github.com/CentralInfraCore/cic-object-model/go/objectmodel/materialize.go:119.2,119.78 1 5
github.com/CentralInfraCore/cic-object-model/go/objectmodel/materialize.go:130.57,132.57 2 0
github.com/CentralInfraCore/cic-object-model/go/objectmodel/materialize.go:132.57,135.3 1 0
github.com/CentralInfraCore/cic-object-model/go/objectmodel/materialize.go:136.2,136.41 1 0
github.com/CentralInfraCore/cic-object-model/go/objectmodel/node.go:61.30,61.47 1 7
github.com/CentralInfraCore/cic-object-model/go/objectmodel/node.go:64.32,64.51 1 0
github.com/CentralInfraCore/cic-object-model/go/objectmodel/node.go:67.49,68.23 1 24
github.com/CentralInfraCore/cic-object-model/go/objectmodel/node.go:68.23,70.3 1 2
github.com/CentralInfraCore/cic-object-model/go/objectmodel/node.go:71.2,72.14 2 22
github.com/CentralInfraCore/cic-object-model/go/objectmodel/node.go:76.53,79.2 2 6
github.com/CentralInfraCore/cic-object-model/go/objectmodel/node.go:82.37,83.26 1 2
github.com/CentralInfraCore/cic-object-model/go/objectmodel/node.go:83.26,85.3 1 0
github.com/CentralInfraCore/cic-object-model/go/objectmodel/node.go:86.2,86.23 1 2
github.com/CentralInfraCore/cic-object-model/go/objectmodel/node.go:90.26,91.24 1 1
github.com/CentralInfraCore/cic-object-model/go/objectmodel/node.go:91.24,93.3 1 0
github.com/CentralInfraCore/cic-object-model/go/objectmodel/node.go:94.2,94.20 1 1
github.com/CentralInfraCore/cic-object-model/go/objectmodel/node.go:103.40,104.53 1 4
github.com/CentralInfraCore/cic-object-model/go/objectmodel/node.go:104.53,106.3 1 2
github.com/CentralInfraCore/cic-object-model/go/objectmodel/node.go:107.2,107.24 1 2
github.com/CentralInfraCore/cic-object-model/go/objectmodel/node.go:111.36,112.23 1 2
github.com/CentralInfraCore/cic-object-model/go/objectmodel/node.go:112.23,114.3 1 0
github.com/CentralInfraCore/cic-object-model/go/objectmodel/node.go:115.2,117.12 3 2
github.com/CentralInfraCore/cic-object-model/go/objectmodel/node.go:122.38,126.2 3 2
github.com/CentralInfraCore/cic-object-model/go/objectmodel/node.go:149.47,153.38 3 14
github.com/CentralInfraCore/cic-object-model/go/objectmodel/node.go:153.38,154.10 1 56
github.com/CentralInfraCore/cic-object-model/go/objectmodel/node.go:155.18,158.11 2 24
github.com/CentralInfraCore/cic-object-model/go/objectmodel/node.go:158.11,160.5 1 4
github.com/CentralInfraCore/cic-object-model/go/objectmodel/node.go:161.4,161.29 1 20
github.com/CentralInfraCore/cic-object-model/go/objectmodel/node.go:163.24,167.20 1 24
github.com/CentralInfraCore/cic-object-model/go/objectmodel/node.go:169.11,170.36 1 8
github.com/CentralInfraCore/cic-object-model/go/objectmodel/node.go:170.36,173.12 2 2
github.com/CentralInfraCore/cic-object-model/go/objectmodel/node.go:173.12,175.6 1 1
github.com/CentralInfraCore/cic-object-model/go/objectmodel/node.go:176.5,177.13 2 1
github.com/CentralInfraCore/cic-object-model/go/objectmodel/node.go:180.4,181.11 2 6
github.com/CentralInfraCore/cic-object-model/go/objectmodel/node.go:181.11,183.5 1 1
github.com/CentralInfraCore/cic-object-model/go/objectmodel/node.go:184.4,184.11 1 5
github.com/CentralInfraCore/cic-object-model/go/objectmodel/node.go:187.2,187.15 1 8
github.com/CentralInfraCore/cic-object-model/go/objectmodel/node.go:187.15,190.3 1 0
github.com/CentralInfraCore/cic-object-model/go/objectmodel/node.go:191.2,191.18 1 8
github.com/CentralInfraCore/cic-object-model/go/objectmodel/node.go:195.41,196.72 1 8
github.com/CentralInfraCore/cic-object-model/go/objectmodel/node.go:196.72,198.3 1 6
github.com/CentralInfraCore/cic-object-model/go/objectmodel/node.go:199.2,200.16 2 2
github.com/CentralInfraCore/cic-object-model/go/objectmodel/node.go:200.16,202.3 1 0
github.com/CentralInfraCore/cic-object-model/go/objectmodel/node.go:203.2,203.16 1 2
github.com/CentralInfraCore/cic-object-model/go/objectmodel/node.go:208.38,211.16 3 14
github.com/CentralInfraCore/cic-object-model/go/objectmodel/node.go:211.16,213.3 1 0
github.com/CentralInfraCore/cic-object-model/go/objectmodel/node.go:214.2,214.33 1 14
github.com/CentralInfraCore/cic-object-model/go/objectmodel/node.go:217.51,218.25 1 18
github.com/CentralInfraCore/cic-object-model/go/objectmodel/node.go:218.25,220.3 1 12
github.com/CentralInfraCore/cic-object-model/go/objectmodel/node.go:221.2,221.38 1 18
github.com/CentralInfraCore/cic-object-model/go/objectmodel/node.go:221.38,223.3 1 18
github.com/CentralInfraCore/cic-object-model/go/objectmodel/node.go:224.2,224.24 1 18
github.com/CentralInfraCore/cic-object-model/go/objectmodel/origin.go:35.28,35.65 1 12
github.com/CentralInfraCore/cic-object-model/go/objectmodel/origin.go:36.28,36.67 1 18
github.com/CentralInfraCore/cic-object-model/go/objectmodel/origin.go:38.40,40.2 1 0
github.com/CentralInfraCore/cic-object-model/go/objectmodel/origin.go:46.46,48.2 1 0
github.com/CentralInfraCore/cic-object-model/go/objectmodel/origin.go:50.31,52.22 2 87
github.com/CentralInfraCore/cic-object-model/go/objectmodel/origin.go:52.22,53.29 1 87
github.com/CentralInfraCore/cic-object-model/go/objectmodel/origin.go:53.29,60.12 7 0
github.com/CentralInfraCore/cic-object-model/go/objectmodel/origin.go:62.3,62.36 1 87
github.com/CentralInfraCore/cic-object-model/go/objectmodel/origin.go:64.2,64.12 1 87
github.com/CentralInfraCore/cic-object-model/go/objectmodel/primitives.go:19.40,22.29 1 12
github.com/CentralInfraCore/cic-object-model/go/objectmodel/primitives.go:22.29,27.3 2 0
github.com/CentralInfraCore/cic-object-model/go/objectmodel/primitives.go:34.2,34.44 1 12
github.com/CentralInfraCore/cic-object-model/go/objectmodel/primitives.go:34.44,36.3 1 0
github.com/CentralInfraCore/cic-object-model/go/objectmodel/primitives.go:38.2,38.16 1 12
github.com/CentralInfraCore/cic-object-model/go/objectmodel/primitives.go:39.15,40.29 1 5
github.com/CentralInfraCore/cic-object-model/go/objectmodel/primitives.go:40.29,41.59 1 5
github.com/CentralInfraCore/cic-object-model/go/objectmodel/primitives.go:41.59,43.5 1 0
github.com/CentralInfraCore/cic-object-model/go/objectmodel/primitives.go:45.16,46.31 1 1
github.com/CentralInfraCore/cic-object-model/go/objectmodel/primitives.go:46.31,47.51 1 2
github.com/CentralInfraCore/cic-object-model/go/objectmodel/primitives.go:47.51,49.5 1 0
github.com/CentralInfraCore/cic-object-model/go/objectmodel/primitives.go:52.2,52.12 1 12
github.com/CentralInfraCore/cic-object-model/go/objectmodel/primitives.go:55.38,57.36 2 12
github.com/CentralInfraCore/cic-object-model/go/objectmodel/primitives.go:57.36,62.22 4 96
github.com/CentralInfraCore/cic-object-model/go/objectmodel/primitives.go:62.22,65.18 1 12
github.com/CentralInfraCore/cic-object-model/go/objectmodel/primitives.go:65.18,67.27 2 12
github.com/CentralInfraCore/cic-object-model/go/objectmodel/primitives.go:67.27,69.6 1 6
github.com/CentralInfraCore/cic-object-model/go/objectmodel/primitives.go:70.5,70.30 1 12
github.com/CentralInfraCore/cic-object-model/go/objectmodel/primitives.go:72.9,74.4 1 84
github.com/CentralInfraCore/cic-object-model/go/objectmodel/primitives.go:76.3,78.10 3 96
github.com/CentralInfraCore/cic-object-model/go/objectmodel/primitives.go:79.19,80.41 1 0
github.com/CentralInfraCore/cic-object-model/go/objectmodel/primitives.go:81.17,82.39 1 18
github.com/CentralInfraCore/cic-object-model/go/objectmodel/primitives.go:83.11,84.12 1 78
github.com/CentralInfraCore/cic-object-model/go/objectmodel/primitives.go:87.3,88.17 2 18
github.com/CentralInfraCore/cic-object-model/go/objectmodel/primitives.go:88.17,90.4 1 0
github.com/CentralInfraCore/cic-object-model/go/objectmodel/primitives.go:94.3,94.72 1 18
github.com/CentralInfraCore/cic-object-model/go/objectmodel/primitives.go:96.2,96.12 1 12
github.com/CentralInfraCore/cic-object-model/go/objectmodel/primitives.go:114.64,115.29 1 75
github.com/CentralInfraCore/cic-object-model/go/objectmodel/primitives.go:116.19,119.28 2 33
github.com/CentralInfraCore/cic-object-model/go/objectmodel/primitives.go:119.28,123.4 3 57
github.com/CentralInfraCore/cic-object-model/go/objectmodel/primitives.go:124.3,124.11 1 33
github.com/CentralInfraCore/cic-object-model/go/objectmodel/primitives.go:125.22,127.35 2 0
github.com/CentralInfraCore/cic-object-model/go/objectmodel/primitives.go:127.35,129.4 1 0
github.com/CentralInfraCore/cic-object-model/go/objectmodel/primitives.go:130.3,130.38 1 0
github.com/CentralInfraCore/cic-object-model/go/objectmodel/primitives.go:131.13,135.69 1 6
github.com/CentralInfraCore/cic-object-model/go/objectmodel/primitives.go:136.10,142.75 1 36
github.com/CentralInfraCore/cic-object-model/go/objectmodel/primitives.go:149.77,150.22 1 18
github.com/CentralInfraCore/cic-object-model/go/objectmodel/primitives.go:150.22,152.3 1 15
github.com/CentralInfraCore/cic-object-model/go/objectmodel/primitives.go:154.2,155.9 2 3
github.com/CentralInfraCore/cic-object-model/go/objectmodel/primitives.go:155.9,158.3 1 0
github.com/CentralInfraCore/cic-object-model/go/objectmodel/primitives.go:159.2,160.35 2 3
github.com/CentralInfraCore/cic-object-model/go/objectmodel/primitives.go:160.35,163.37 1 6
github.com/CentralInfraCore/cic-object-model/go/objectmodel/primitives.go:163.37,167.4 1 0
github.com/CentralInfraCore/cic-object-model/go/objectmodel/primitives.go:168.3,169.10 2 6
github.com/CentralInfraCore/cic-object-model/go/objectmodel/primitives.go:169.10,172.4 1 0
github.com/CentralInfraCore/cic-object-model/go/objectmodel/primitives.go:173.3,174.25 2 6
github.com/CentralInfraCore/cic-object-model/go/objectmodel/primitives.go:174.25,176.4 1 12
github.com/CentralInfraCore/cic-object-model/go/objectmodel/primitives.go:183.3,183.38 1 6
github.com/CentralInfraCore/cic-object-model/go/objectmodel/primitives.go:183.38,185.4 1 3
github.com/CentralInfraCore/cic-object-model/go/objectmodel/primitives.go:188.3,188.21 1 6
github.com/CentralInfraCore/cic-object-model/go/objectmodel/primitives.go:188.21,189.48 1 3
github.com/CentralInfraCore/cic-object-model/go/objectmodel/primitives.go:189.48,193.5 1 0
github.com/CentralInfraCore/cic-object-model/go/objectmodel/primitives.go:195.3,195.33 1 6
github.com/CentralInfraCore/cic-object-model/go/objectmodel/primitives.go:197.2,197.17 1 3
github.com/CentralInfraCore/cic-object-model/go/objectmodel/primitives.go:200.32,202.33 2 0
github.com/CentralInfraCore/cic-object-model/go/objectmodel/primitives.go:202.33,203.12 1 0
github.com/CentralInfraCore/cic-object-model/go/objectmodel/primitives.go:203.12,205.4 1 0
github.com/CentralInfraCore/cic-object-model/go/objectmodel/primitives.go:206.3,206.9 1 0
github.com/CentralInfraCore/cic-object-model/go/objectmodel/primitives.go:208.2,208.10 1 0
github.com/CentralInfraCore/cic-object-model/go/objectmodel/refs.go:16.59,18.2 1 5
github.com/CentralInfraCore/cic-object-model/go/objectmodel/schema.go:21.37,21.80 1 216
github.com/CentralInfraCore/cic-object-model/go/objectmodel/schema.go:85.47,87.51 2 5
github.com/CentralInfraCore/cic-object-model/go/objectmodel/schema.go:87.51,90.3 1 0
github.com/CentralInfraCore/cic-object-model/go/objectmodel/schema.go:91.2,92.9 2 5
github.com/CentralInfraCore/cic-object-model/go/objectmodel/schema.go:92.9,95.3 1 0
github.com/CentralInfraCore/cic-object-model/go/objectmodel/schema.go:97.2,98.43 2 5
github.com/CentralInfraCore/cic-object-model/go/objectmodel/schema.go:98.43,100.3 1 5
github.com/CentralInfraCore/cic-object-model/go/objectmodel/schema.go:102.2,103.9 2 5
github.com/CentralInfraCore/cic-object-model/go/objectmodel/schema.go:103.9,106.3 1 0
github.com/CentralInfraCore/cic-object-model/go/objectmodel/schema.go:107.2,108.16 2 5
github.com/CentralInfraCore/cic-object-model/go/objectmodel/schema.go:108.16,110.3 1 0
github.com/CentralInfraCore/cic-object-model/go/objectmodel/schema.go:111.2,113.51 2 5
github.com/CentralInfraCore/cic-object-model/go/objectmodel/schema.go:113.51,115.10 2 0
github.com/CentralInfraCore/cic-object-model/go/objectmodel/schema.go:115.10,118.4 1 0
github.com/CentralInfraCore/cic-object-model/go/objectmodel/schema.go:119.3,119.39 1 0
github.com/CentralInfraCore/cic-object-model/go/objectmodel/schema.go:119.39,121.11 2 0
github.com/CentralInfraCore/cic-object-model/go/objectmodel/schema.go:121.11,124.5 1 0
github.com/CentralInfraCore/cic-object-model/go/objectmodel/schema.go:125.4,126.37 2 0
github.com/CentralInfraCore/cic-object-model/go/objectmodel/schema.go:126.37,129.19 3 0
github.com/CentralInfraCore/cic-object-model/go/objectmodel/schema.go:129.19,131.6 1 0
github.com/CentralInfraCore/cic-object-model/go/objectmodel/schema.go:132.5,133.35 2 0
github.com/CentralInfraCore/cic-object-model/go/objectmodel/schema.go:133.35,134.36 1 0
github.com/CentralInfraCore/cic-object-model/go/objectmodel/schema.go:134.36,136.7 1 0
github.com/CentralInfraCore/cic-object-model/go/objectmodel/schema.go:138.5,138.33 1 0
github.com/CentralInfraCore/cic-object-model/go/objectmodel/schema.go:143.2,143.45 1 5
github.com/CentralInfraCore/cic-object-model/go/objectmodel/schema.go:143.45,145.3 1 0
github.com/CentralInfraCore/cic-object-model/go/objectmodel/schema.go:146.2,146.15 1 5
github.com/CentralInfraCore/cic-object-model/go/objectmodel/schema.go:149.65,151.9 2 11
github.com/CentralInfraCore/cic-object-model/go/objectmodel/schema.go:151.9,154.3 1 0
github.com/CentralInfraCore/cic-object-model/go/objectmodel/schema.go:155.2,159.34 2 11
github.com/CentralInfraCore/cic-object-model/go/objectmodel/schema.go:159.34,161.10 2 29
github.com/CentralInfraCore/cic-object-model/go/objectmodel/schema.go:162.21,163.45 1 11
github.com/CentralInfraCore/cic-object-model/go/objectmodel/schema.go:164.27,165.32 1 5
github.com/CentralInfraCore/cic-object-model/go/objectmodel/schema.go:166.23,167.33 1 1
github.com/CentralInfraCore/cic-object-model/go/objectmodel/schema.go:168.24,170.18 2 0
github.com/CentralInfraCore/cic-object-model/go/objectmodel/schema.go:171.23,171.23 0 0
github.com/CentralInfraCore/cic-object-model/go/objectmodel/schema.go:173.24,175.11 2 5
github.com/CentralInfraCore/cic-object-model/go/objectmodel/schema.go:175.11,178.5 1 0
github.com/CentralInfraCore/cic-object-model/go/objectmodel/schema.go:179.4,179.38 1 5
github.com/CentralInfraCore/cic-object-model/go/objectmodel/schema.go:179.38,181.19 2 5
github.com/CentralInfraCore/cic-object-model/go/objectmodel/schema.go:181.19,183.6 1 0
github.com/CentralInfraCore/cic-object-model/go/objectmodel/schema.go:184.5,185.44 2 5
github.com/CentralInfraCore/cic-object-model/go/objectmodel/schema.go:187.20,189.18 2 1
github.com/CentralInfraCore/cic-object-model/go/objectmodel/schema.go:189.18,191.5 1 0
github.com/CentralInfraCore/cic-object-model/go/objectmodel/schema.go:192.4,192.17 1 1
github.com/CentralInfraCore/cic-object-model/go/objectmodel/schema.go:193.27,195.11 2 0
github.com/CentralInfraCore/cic-object-model/go/objectmodel/schema.go:195.11,198.5 1 0
github.com/CentralInfraCore/cic-object-model/go/objectmodel/schema.go:199.4,200.47 2 0
github.com/CentralInfraCore/cic-object-model/go/objectmodel/schema.go:200.47,202.5 1 0
github.com/CentralInfraCore/cic-object-model/go/objectmodel/schema.go:203.4,203.43 1 0
github.com/CentralInfraCore/cic-object-model/go/objectmodel/schema.go:203.43,205.5 1 0
github.com/CentralInfraCore/cic-object-model/go/objectmodel/schema.go:206.4,206.18 1 0
github.com/CentralInfraCore/cic-object-model/go/objectmodel/schema.go:207.27,209.40 2 6
github.com/CentralInfraCore/cic-object-model/go/objectmodel/schema.go:210.26,210.26 0 0
github.com/CentralInfraCore/cic-object-model/go/objectmodel/schema.go:212.11,216.77 1 0
github.com/CentralInfraCore/cic-object-model/go/objectmodel/schema.go:219.2,219.15 1 11
github.com/CentralInfraCore/cic-object-model/go/objectmodel/schema.go:222.43,223.53 1 5
github.com/CentralInfraCore/cic-object-model/go/objectmodel/schema.go:223.53,225.3 1 0
github.com/CentralInfraCore/cic-object-model/go/objectmodel/schema.go:226.2,226.56 1 5
github.com/CentralInfraCore/cic-object-model/go/objectmodel/schema.go:226.56,228.48 2 0
github.com/CentralInfraCore/cic-object-model/go/objectmodel/schema.go:228.48,229.83 1 0
github.com/CentralInfraCore/cic-object-model/go/objectmodel/schema.go:229.83,231.5 1 0
github.com/CentralInfraCore/cic-object-model/go/objectmodel/schema.go:234.2,234.12 1 5
github.com/CentralInfraCore/cic-object-model/go/objectmodel/schema.go:237.56,239.69 1 11
github.com/CentralInfraCore/cic-object-model/go/objectmodel/schema.go:239.69,241.27 2 0
github.com/CentralInfraCore/cic-object-model/go/objectmodel/schema.go:241.27,243.4 1 0
github.com/CentralInfraCore/cic-object-model/go/objectmodel/schema.go:244.3,246.105 1 0
github.com/CentralInfraCore/cic-object-model/go/objectmodel/schema.go:251.2,251.28 1 11
github.com/CentralInfraCore/cic-object-model/go/objectmodel/schema.go:251.28,252.40 1 5
github.com/CentralInfraCore/cic-object-model/go/objectmodel/schema.go:252.40,256.4 1 0
github.com/CentralInfraCore/cic-object-model/go/objectmodel/schema.go:270.2,270.33 1 11
github.com/CentralInfraCore/cic-object-model/go/objectmodel/schema.go:270.33,271.75 1 5
github.com/CentralInfraCore/cic-object-model/go/objectmodel/schema.go:271.75,273.4 1 0
github.com/CentralInfraCore/cic-object-model/go/objectmodel/schema.go:275.2,275.19 1 11
github.com/CentralInfraCore/cic-object-model/go/objectmodel/schema.go:275.19,276.60 1 1
github.com/CentralInfraCore/cic-object-model/go/objectmodel/schema.go:276.60,278.4 1 0
github.com/CentralInfraCore/cic-object-model/go/objectmodel/schema.go:280.2,280.12 1 11
github.com/CentralInfraCore/cic-object-model/go/objectmodel/schema.go:293.75,295.19 2 5
github.com/CentralInfraCore/cic-object-model/go/objectmodel/schema.go:295.19,297.3 1 0
github.com/CentralInfraCore/cic-object-model/go/objectmodel/schema.go:298.2,299.13 2 5
github.com/CentralInfraCore/cic-object-model/go/objectmodel/schema.go:302.64,304.19 2 0
github.com/CentralInfraCore/cic-object-model/go/objectmodel/schema.go:304.19,306.3 1 0
github.com/CentralInfraCore/cic-object-model/go/objectmodel/schema.go:307.2,308.13 2 0
github.com/CentralInfraCore/cic-object-model/go/objectmodel/template.go:33.50,35.2 1 5
github.com/CentralInfraCore/cic-object-model/go/objectmodel/template.go:37.134,38.30 1 11
github.com/CentralInfraCore/cic-object-model/go/objectmodel/template.go:38.30,41.3 1 0
github.com/CentralInfraCore/cic-object-model/go/objectmodel/template.go:43.2,43.23 1 11
github.com/CentralInfraCore/cic-object-model/go/objectmodel/template.go:43.23,45.10 2 0
github.com/CentralInfraCore/cic-object-model/go/objectmodel/template.go:45.10,48.4 1 0
github.com/CentralInfraCore/cic-object-model/go/objectmodel/template.go:49.3,50.10 2 0
github.com/CentralInfraCore/cic-object-model/go/objectmodel/template.go:50.10,53.4 1 0
github.com/CentralInfraCore/cic-object-model/go/objectmodel/template.go:54.3,55.86 2 0
github.com/CentralInfraCore/cic-object-model/go/objectmodel/template.go:58.2,66.19 2 11
github.com/CentralInfraCore/cic-object-model/go/objectmodel/template.go:67.19,68.36 1 5
github.com/CentralInfraCore/cic-object-model/go/objectmodel/template.go:68.36,70.18 2 5
github.com/CentralInfraCore/cic-object-model/go/objectmodel/template.go:70.18,72.5 1 0
github.com/CentralInfraCore/cic-object-model/go/objectmodel/template.go:73.4,74.42 2 5
github.com/CentralInfraCore/cic-object-model/go/objectmodel/template.go:76.17,77.22 1 1
github.com/CentralInfraCore/cic-object-model/go/objectmodel/template.go:77.22,79.18 2 1
github.com/CentralInfraCore/cic-object-model/go/objectmodel/template.go:79.18,81.5 1 0
github.com/CentralInfraCore/cic-object-model/go/objectmodel/template.go:82.4,82.17 1 1
github.com/CentralInfraCore/cic-object-model/go/objectmodel/template.go:85.2,85.15 1 11
github.com/CentralInfraCore/cic-object-model/go/objectmodel/validate.go:21.38,23.9 2 5
github.com/CentralInfraCore/cic-object-model/go/objectmodel/validate.go:23.9,26.3 1 0
github.com/CentralInfraCore/cic-object-model/go/objectmodel/validate.go:33.2,33.35 1 5
github.com/CentralInfraCore/cic-object-model/go/objectmodel/validate.go:36.69,38.22 1 87
github.com/CentralInfraCore/cic-object-model/go/objectmodel/validate.go:38.22,41.3 1 0
github.com/CentralInfraCore/cic-object-model/go/objectmodel/validate.go:42.2,42.22 1 87
github.com/CentralInfraCore/cic-object-model/go/objectmodel/validate.go:42.22,45.3 1 0
github.com/CentralInfraCore/cic-object-model/go/objectmodel/validate.go:47.2,47.27 1 87
github.com/CentralInfraCore/cic-object-model/go/objectmodel/validate.go:47.27,48.10 1 192
github.com/CentralInfraCore/cic-object-model/go/objectmodel/validate.go:49.39,49.39 0 174
github.com/CentralInfraCore/cic-object-model/go/objectmodel/validate.go:50.32,56.74 1 0
github.com/CentralInfraCore/cic-object-model/go/objectmodel/validate.go:57.43,60.79 1 0
github.com/CentralInfraCore/cic-object-model/go/objectmodel/validate.go:61.23,64.106 1 0
github.com/CentralInfraCore/cic-object-model/go/objectmodel/validate.go:65.27,65.27 0 18
github.com/CentralInfraCore/cic-object-model/go/objectmodel/validate.go:66.11,68.90 1 0
github.com/CentralInfraCore/cic-object-model/go/objectmodel/validate.go:72.2,72.73 1 87
github.com/CentralInfraCore/cic-object-model/go/objectmodel/validate.go:72.73,74.3 1 0
github.com/CentralInfraCore/cic-object-model/go/objectmodel/validate.go:77.2,77.27 1 87
github.com/CentralInfraCore/cic-object-model/go/objectmodel/validate.go:77.27,78.26 1 192
github.com/CentralInfraCore/cic-object-model/go/objectmodel/validate.go:78.26,79.12 1 174
github.com/CentralInfraCore/cic-object-model/go/objectmodel/validate.go:81.3,82.10 2 18
github.com/CentralInfraCore/cic-object-model/go/objectmodel/validate.go:82.10,85.4 1 0
github.com/CentralInfraCore/cic-object-model/go/objectmodel/validate.go:86.3,86.61 1 18
github.com/CentralInfraCore/cic-object-model/go/objectmodel/validate.go:86.61,88.4 1 0
github.com/CentralInfraCore/cic-object-model/go/objectmodel/validate.go:91.2,91.48 1 87
github.com/CentralInfraCore/cic-object-model/go/objectmodel/validate.go:94.48,95.23 1 87
github.com/CentralInfraCore/cic-object-model/go/objectmodel/validate.go:96.19,97.28 1 38
github.com/CentralInfraCore/cic-object-model/go/objectmodel/validate.go:97.28,99.33 2 62
github.com/CentralInfraCore/cic-object-model/go/objectmodel/validate.go:99.33,100.73 1 62
github.com/CentralInfraCore/cic-object-model/go/objectmodel/validate.go:100.73,102.6 1 0
github.com/CentralInfraCore/cic-object-model/go/objectmodel/validate.go:105.13,106.23 1 7
github.com/CentralInfraCore/cic-object-model/go/objectmodel/validate.go:106.23,108.33 2 8
github.com/CentralInfraCore/cic-object-model/go/objectmodel/validate.go:108.33,109.93 1 2
github.com/CentralInfraCore/cic-object-model/go/objectmodel/validate.go:109.93,111.6 1 0
github.com/CentralInfraCore/cic-object-model/go/objectmodel/validate.go:115.2,115.12 1 87
github.com/CentralInfraCore/cic-object-model/go/objectmodel/validate.go:120.47,123.40 1 87
github.com/CentralInfraCore/cic-object-model/go/objectmodel/validate.go:123.40,126.3 1 0
github.com/CentralInfraCore/cic-object-model/go/objectmodel/validate.go:127.2,128.9 2 87
github.com/CentralInfraCore/cic-object-model/go/objectmodel/validate.go:128.9,131.3 1 0
github.com/CentralInfraCore/cic-object-model/go/objectmodel/validate.go:133.2,133.21 1 87
github.com/CentralInfraCore/cic-object-model/go/objectmodel/validate.go:133.21,136.3 1 0
github.com/CentralInfraCore/cic-object-model/go/objectmodel/validate.go:138.2,139.26 2 87
github.com/CentralInfraCore/cic-object-model/go/objectmodel/validate.go:139.26,140.25 1 87
github.com/CentralInfraCore/cic-object-model/go/objectmodel/validate.go:141.15,142.14 1 87
github.com/CentralInfraCore/cic-object-model/go/objectmodel/validate.go:143.28,144.19 1 12
github.com/CentralInfraCore/cic-object-model/go/objectmodel/validate.go:145.30,146.21 1 75
github.com/CentralInfraCore/cic-object-model/go/objectmodel/validate.go:147.30,151.125 1 0
github.com/CentralInfraCore/cic-object-model/go/objectmodel/validate.go:152.12,154.52 1 0
github.com/CentralInfraCore/cic-object-model/go/objectmodel/validate.go:156.20,158.11 2 0
github.com/CentralInfraCore/cic-object-model/go/objectmodel/validate.go:158.11,161.5 1 0
github.com/CentralInfraCore/cic-object-model/go/objectmodel/validate.go:162.4,163.11 2 0
github.com/CentralInfraCore/cic-object-model/go/objectmodel/validate.go:163.11,166.5 1 0
github.com/CentralInfraCore/cic-object-model/go/objectmodel/validate.go:167.4,169.48 3 0
github.com/CentralInfraCore/cic-object-model/go/objectmodel/validate.go:169.48,173.5 1 0
github.com/CentralInfraCore/cic-object-model/go/objectmodel/validate.go:174.4,174.20 1 0
github.com/CentralInfraCore/cic-object-model/go/objectmodel/validate.go:175.11,177.72 1 0
github.com/CentralInfraCore/cic-object-model/go/objectmodel/validate.go:183.2,183.26 1 87
github.com/CentralInfraCore/cic-object-model/go/objectmodel/validate.go:183.26,186.3 1 0
github.com/CentralInfraCore/cic-object-model/go/objectmodel/validate.go:189.2,189.26 1 87
github.com/CentralInfraCore/cic-object-model/go/objectmodel/validate.go:189.26,192.3 1 0
github.com/CentralInfraCore/cic-object-model/go/objectmodel/validate.go:193.2,193.12 1 87
github.com/CentralInfraCore/cic-object-model/go/objectmodel/yamlutil.go:24.34,26.2 1 158
github.com/CentralInfraCore/cic-object-model/go/objectmodel/yamlutil.go:28.43,29.29 1 311
github.com/CentralInfraCore/cic-object-model/go/objectmodel/yamlutil.go:29.29,31.3 1 311
github.com/CentralInfraCore/cic-object-model/go/objectmodel/yamlutil.go:32.2,32.15 1 311
github.com/CentralInfraCore/cic-object-model/go/objectmodel/yamlutil.go:35.48,38.2 2 57
github.com/CentralInfraCore/cic-object-model/go/objectmodel/yamlutil.go:40.41,43.2 2 238
github.com/CentralInfraCore/cic-object-model/go/objectmodel/yamlutil.go:46.42,47.23 1 142
github.com/CentralInfraCore/cic-object-model/go/objectmodel/yamlutil.go:48.22,49.17 1 80
github.com/CentralInfraCore/cic-object-model/go/objectmodel/yamlutil.go:50.19,52.24 2 0
github.com/CentralInfraCore/cic-object-model/go/objectmodel/yamlutil.go:52.24,54.4 1 0
github.com/CentralInfraCore/cic-object-model/go/objectmodel/yamlutil.go:55.3,55.19 1 0
github.com/CentralInfraCore/cic-object-model/go/objectmodel/yamlutil.go:57.2,57.19 1 62
github.com/CentralInfraCore/cic-object-model/go/objectmodel/yamlutil.go:60.44,62.19 2 54
github.com/CentralInfraCore/cic-object-model/go/objectmodel/yamlutil.go:62.19,64.3 1 96
github.com/CentralInfraCore/cic-object-model/go/objectmodel/yamlutil.go:65.2,66.13 2 54
github.com/CentralInfraCore/cic-object-model/go/objectmodel/yamlutil.go:72.27,73.27 1 78
github.com/CentralInfraCore/cic-object-model/go/objectmodel/yamlutil.go:73.27,75.35 2 30
github.com/CentralInfraCore/cic-object-model/go/objectmodel/yamlutil.go:75.35,77.4 1 51
github.com/CentralInfraCore/cic-object-model/go/objectmodel/yamlutil.go:78.3,78.12 1 30
github.com/CentralInfraCore/cic-object-model/go/objectmodel/yamlutil.go:80.2,80.28 1 48
github.com/CentralInfraCore/cic-object-model/go/objectmodel/yamlutil.go:80.28,82.23 2 6
github.com/CentralInfraCore/cic-object-model/go/objectmodel/yamlutil.go:82.23,84.4 1 6
github.com/CentralInfraCore/cic-object-model/go/objectmodel/yamlutil.go:85.3,85.13 1 6
github.com/CentralInfraCore/cic-object-model/go/objectmodel/yamlutil.go:87.2,87.10 1 42
github.com/CentralInfraCore/cic-object-model/go/objectmodel/yamlutil.go:90.44,91.23 1 354
github.com/CentralInfraCore/cic-object-model/go/objectmodel/yamlutil.go:92.19,94.28 2 125
github.com/CentralInfraCore/cic-object-model/go/objectmodel/yamlutil.go:94.28,97.18 3 254
github.com/CentralInfraCore/cic-object-model/go/objectmodel/yamlutil.go:97.18,99.5 1 0
github.com/CentralInfraCore/cic-object-model/go/objectmodel/yamlutil.go:100.4,100.41 1 254
github.com/CentralInfraCore/cic-object-model/go/objectmodel/yamlutil.go:102.3,102.16 1 125
github.com/CentralInfraCore/cic-object-model/go/objectmodel/yamlutil.go:103.13,105.23 2 94
github.com/CentralInfraCore/cic-object-model/go/objectmodel/yamlutil.go:105.23,107.18 2 95
github.com/CentralInfraCore/cic-object-model/go/objectmodel/yamlutil.go:107.18,109.5 1 0
github.com/CentralInfraCore/cic-object-model/go/objectmodel/yamlutil.go:110.4,110.37 1 95
github.com/CentralInfraCore/cic-object-model/go/objectmodel/yamlutil.go:112.3,112.16 1 94
github.com/CentralInfraCore/cic-object-model/go/objectmodel/yamlutil.go:113.10,115.37 2 135
github.com/CentralInfraCore/cic-object-model/go/objectmodel/yamlutil.go:115.37,117.4 1 0
github.com/CentralInfraCore/cic-object-model/go/objectmodel/yamlutil.go:118.3,118.16 1 135
github.com/CentralInfraCore/cic-object-model/go/objectmodel/yamlutil.go:123.45,125.16 2 5
github.com/CentralInfraCore/cic-object-model/go/objectmodel/yamlutil.go:125.16,128.3 1 0
github.com/CentralInfraCore/cic-object-model/go/objectmodel/yamlutil.go:129.2,132.41 4 5
github.com/CentralInfraCore/cic-object-model/go/objectmodel/yamlutil.go:132.41,135.3 1 0
github.com/CentralInfraCore/cic-object-model/go/objectmodel/yamlutil.go:136.2,136.36 1 5
github.com/CentralInfraCore/cic-object-model/go/objectmodel/yamlutil.go:136.36,139.3 1 0
github.com/CentralInfraCore/cic-object-model/go/objectmodel/yamlutil.go:140.2,140.25 1 5
github.com/CentralInfraCore/cic-object-model/go/objectmodel/yamlutil.go:145.26,146.27 1 0
github.com/CentralInfraCore/cic-object-model/go/objectmodel/yamlutil.go:146.27,148.24 2 0
github.com/CentralInfraCore/cic-object-model/go/objectmodel/yamlutil.go:148.24,150.4 1 0
github.com/CentralInfraCore/cic-object-model/go/objectmodel/yamlutil.go:151.3,151.13 1 0
github.com/CentralInfraCore/cic-object-model/go/objectmodel/yamlutil.go:153.2,153.28 1 0
github.com/CentralInfraCore/cic-object-model/go/objectmodel/yamlutil.go:153.28,155.23 2 0
github.com/CentralInfraCore/cic-object-model/go/objectmodel/yamlutil.go:155.23,157.4 1 0
github.com/CentralInfraCore/cic-object-model/go/objectmodel/yamlutil.go:158.3,158.13 1 0
github.com/CentralInfraCore/cic-object-model/go/objectmodel/yamlutil.go:160.2,160.10 1 0
github.com/CentralInfraCore/cic-object-model/go/cmd/cic-materialize/main.go:22.13,29.78 6 0
github.com/CentralInfraCore/cic-object-model/go/cmd/cic-materialize/main.go:29.78,31.26 2 0
github.com/CentralInfraCore/cic-object-model/go/cmd/cic-materialize/main.go:31.26,35.4 2 0
github.com/CentralInfraCore/cic-object-model/go/cmd/cic-materialize/main.go:36.3,37.13 2 0
github.com/CentralInfraCore/cic-object-model/go/cmd/cic-materialize/main.go:41.74,42.24 1 0
github.com/CentralInfraCore/cic-object-model/go/cmd/cic-materialize/main.go:42.24,44.17 2 0
github.com/CentralInfraCore/cic-object-model/go/cmd/cic-materialize/main.go:44.17,46.4 1 0
github.com/CentralInfraCore/cic-object-model/go/cmd/cic-materialize/main.go:47.3,47.71 1 0
github.com/CentralInfraCore/cic-object-model/go/cmd/cic-materialize/main.go:47.71,49.4 1 0
github.com/CentralInfraCore/cic-object-model/go/cmd/cic-materialize/main.go:50.3,51.13 2 0
github.com/CentralInfraCore/cic-object-model/go/cmd/cic-materialize/main.go:54.2,54.41 1 0
github.com/CentralInfraCore/cic-object-model/go/cmd/cic-materialize/main.go:54.41,57.3 2 0
github.com/CentralInfraCore/cic-object-model/go/cmd/cic-materialize/main.go:58.2,59.16 2 0
github.com/CentralInfraCore/cic-object-model/go/cmd/cic-materialize/main.go:59.16,61.3 1 0
github.com/CentralInfraCore/cic-object-model/go/cmd/cic-materialize/main.go:62.2,63.16 2 0
github.com/CentralInfraCore/cic-object-model/go/cmd/cic-materialize/main.go:63.16,65.3 1 0
github.com/CentralInfraCore/cic-object-model/go/cmd/cic-materialize/main.go:67.2,68.16 2 0
github.com/CentralInfraCore/cic-object-model/go/cmd/cic-materialize/main.go:68.16,70.3 1 0
github.com/CentralInfraCore/cic-object-model/go/cmd/cic-materialize/main.go:71.2,71.64 1 0
github.com/CentralInfraCore/cic-object-model/go/cmd/cic-materialize/main.go:71.64,73.3 1 0
github.com/CentralInfraCore/cic-object-model/go/cmd/cic-materialize/main.go:74.2,74.13 1 0
github.com/CentralInfraCore/cic-object-model/go/cmd/cic-materialize/main.go:74.13,75.45 1 0
github.com/CentralInfraCore/cic-object-model/go/cmd/cic-materialize/main.go:75.45,77.4 1 0
github.com/CentralInfraCore/cic-object-model/go/cmd/cic-materialize/main.go:78.3,80.51 2 0
github.com/CentralInfraCore/cic-object-model/go/cmd/cic-materialize/main.go:82.2,82.12 1 0
